C:\Program Files\Python314\python.exe: No module named websockify
C:\Program Files\Python314\python.exe: No module named websockify
C:\Program Files\Python314\python.exe: No module named websockify
C:\Program Files\Python314\python.exe: No module named websockify
C:\Program Files\Python314\python.exe: No module named websockify
WebSocket server settings:
  - Listen on :6080
  - Web server. Web root: C:\Users\Avinash\noVNC
  - No SSL/TLS support (no cert file)
  - proxying from :6080 to 165.101.251.196:5900
In exit
Terminating child 1860
Terminating child 21220
Terminating child 9972
Terminating child 14872
Terminating child 20472
Terminating child 12872
WebSocket server settings:
  - Listen on :6080
  - Web server. Web root: C:\Users\Avinash\noVNC
  - No SSL/TLS support (no cert file)
  - proxying from :6080 to 165.101.251.196:5900
