============================================================
 noVNC Web Bridge starting...
 Web UI:     http://localhost:6080/index.html
             http://165.101.251.196:6080/index.html
 VNC Target: 165.101.251.196:5900
 Password:   965243
 Persistent: Keep-alive (30s heartbeat) enabled
============================================================
============================================================
 noVNC Web Bridge starting...
 Web UI:     http://localhost:6080/index.html
             http://165.101.251.196:6080/index.html
 VNC Target: 165.101.251.196:5900
 Password:   965243
 Persistent: Keep-alive (30s heartbeat) enabled
============================================================
============================================================
 noVNC Web Bridge starting...
 Web UI:     http://localhost:6080/index.html
             http://165.101.251.196:6080/index.html
 VNC Target: 165.101.251.196:5900
 Password:   965243
 Persistent: Keep-alive (30s heartbeat) enabled
============================================================
============================================================
 noVNC Web Bridge starting...
 Web UI:     http://localhost:6080/index.html
             http://165.101.251.196:6080/index.html
 VNC Target: 165.101.251.196:5900
 Password:   965243
 Persistent: Keep-alive (30s heartbeat) enabled
============================================================
============================================================
 noVNC Web Bridge starting...
 Web UI:     http://localhost:6080/index.html
             http://165.101.251.196:6080/index.html
 VNC Target: 165.101.251.196:5900
 Password:   965243
 Persistent: Keep-alive (30s heartbeat) enabled
============================================================
WARNING: no 'resource' module, daemonizing is disabled
WARNING: no 'resource' module, daemonizing is disabled
WARNING: no 'resource' module, daemonizing is disabled
WARNING: no 'resource' module, daemonizing is disabled
WARNING: no 'resource' module, daemonizing is disabled
WARNING: no 'resource' module, daemonizing is disabled
WARNING: no 'resource' module, daemonizing is disabled
WARNING: no 'resource' module, daemonizing is disabled
WARNING: no 'resource' module, daemonizing is disabled
WARNING: no 'resource' module, daemonizing is disabled
WARNING: no 'resource' module, daemonizing is disabled
WARNING: no 'resource' module, daemonizing is disabled
WARNING: no 'resource' module, daemonizing is disabled
WARNING: no 'resource' module, daemonizing is disabled
WARNING: no 'resource' module, daemonizing is disabled
WARNING: no 'resource' module, daemonizing is disabled
WARNING: no 'resource' module, daemonizing is disabled
WARNING: no 'resource' module, daemonizing is disabled
WARNING: no 'resource' module, daemonizing is disabled
WARNING: no 'resource' module, daemonizing is disabled
WARNING: no 'resource' module, daemonizing is disabled
WARNING: no 'resource' module, daemonizing is disabled
WARNING: no 'resource' module, daemonizing is disabled
WARNING: no 'resource' module, daemonizing is disabled
WARNING: no 'resource' module, daemonizing is disabled
WARNING: no 'resource' module, daemonizing is disabled
WARNING: no 'resource' module, daemonizing is disabled
WARNING: no 'resource' module, daemonizing is disabled
WARNING: no 'resource' module, daemonizing is disabled
WARNING: no 'resource' module, daemonizing is disabled
WARNING: no 'resource' module, daemonizing is disabled
WARNING: no 'resource' module, daemonizing is disabled
WARNING: no 'resource' module, daemonizing is disabled
WARNING: no 'resource' module, daemonizing is disabled
WARNING: no 'resource' module, daemonizing is disabled
WARNING: no 'resource' module, daemonizing is disabled
WARNING: no 'resource' module, daemonizing is disabled
WARNING: no 'resource' module, daemonizing is disabled
WARNING: no 'resource' module, daemonizing is disabled
WARNING: no 'resource' module, daemonizing is disabled
WARNING: no 'resource' module, daemonizing is disabled
WARNING: no 'resource' module, daemonizing is disabled
WARNING: no 'resource' module, daemonizing is disabled
WARNING: no 'resource' module, daemonizing is disabled
WARNING: no 'resource' module, daemonizing is disabled
WARNING: no 'resource' module, daemonizing is disabled
WARNING: no 'resource' module, daemonizing is disabled
WARNING: no 'resource' module, daemonizing is disabled
WARNING: no 'resource' module, daemonizing is disabled
WARNING: no 'resource' module, daemonizing is disabled
WARNING: no 'resource' module, daemonizing is disabled
WARNING: no 'resource' module, daemonizing is disabled
WARNING: no 'resource' module, daemonizing is disabled
WARNING: no 'resource' module, daemonizing is disabled
WARNING: no 'resource' module, daemonizing is disabled
WARNING: no 'resource' module, daemonizing is disabled
WARNING: no 'resource' module, daemonizing is disabled
WARNING: no 'resource' module, daemonizing is disabled
WARNING: no 'resource' module, daemonizing is disabled
WARNING: no 'resource' module, daemonizing is disabled
WARNING: no 'resource' module, daemonizing is disabled
WARNING: no 'resource' module, daemonizing is disabled
WARNING: no 'resource' module, daemonizing is disabled
WARNING: no 'resource' module, daemonizing is disabled
WARNING: no 'resource' module, daemonizing is disabled
WARNING: no 'resource' module, daemonizing is disabled
WARNING: no 'resource' module, daemonizing is disabled
WARNING: no 'resource' module, daemonizing is disabled
WARNING: no 'resource' module, daemonizing is disabled
WARNING: no 'resource' module, daemonizing is disabled
WARNING: no 'resource' module, daemonizing is disabled
WARNING: no 'resource' module, daemonizing is disabled
WARNING: no 'resource' module, daemonizing is disabled
WARNING: no 'resource' module, daemonizing is disabled
WARNING: no 'resource' module, daemonizing is disabled
WARNING: no 'resource' module, daemonizing is disabled
WARNING: no 'resource' module, daemonizing is disabled
WARNING: no 'resource' module, daemonizing is disabled
WARNING: no 'resource' module, daemonizing is disabled
WARNING: no 'resource' module, daemonizing is disabled
WARNING: no 'resource' module, daemonizing is disabled
WARNING: no 'resource' module, daemonizing is disabled
WARNING: no 'resource' module, daemonizing is disabled
WARNING: no 'resource' module, daemonizing is disabled
WARNING: no 'resource' module, daemonizing is disabled
WARNING: no 'resource' module, daemonizing is disabled
WARNING: no 'resource' module, daemonizing is disabled
WARNING: no 'resource' module, daemonizing is disabled
WARNING: no 'resource' module, daemonizing is disabled
WARNING: no 'resource' module, daemonizing is disabled
WARNING: no 'resource' module, daemonizing is disabled
WARNING: no 'resource' module, daemonizing is disabled
WARNING: no 'resource' module, daemonizing is disabled
WARNING: no 'resource' module, daemonizing is disabled
WARNING: no 'resource' module, daemonizing is disabled
WARNING: no 'resource' module, daemonizing is disabled
WARNING: no 'resource' module, daemonizing is disabled
WARNING: no 'resource' module, daemonizing is disabled
WARNING: no 'resource' module, daemonizing is disabled
WARNING: no 'resource' module, daemonizing is disabled
WARNING: no 'resource' module, daemonizing is disabled
WARNING: no 'resource' module, daemonizing is disabled
WARNING: no 'resource' module, daemonizing is disabled
WARNING: no 'resource' module, daemonizing is disabled
WARNING: no 'resource' module, daemonizing is disabled
WARNING: no 'resource' module, daemonizing is disabled
WARNING: no 'resource' module, daemonizing is disabled
WARNING: no 'resource' module, daemonizing is disabled
WARNING: no 'resource' module, daemonizing is disabled
WARNING: no 'resource' module, daemonizing is disabled
WARNING: no 'resource' module, daemonizing is disabled
WARNING: no 'resource' module, daemonizing is disabled
WARNING: no 'resource' module, daemonizing is disabled
WARNING: no 'resource' module, daemonizing is disabled
WARNING: no 'resource' module, daemonizing is disabled
WARNING: no 'resource' module, daemonizing is disabled
WARNING: no 'resource' module, daemonizing is disabled
WARNING: no 'resource' module, daemonizing is disabled
WARNING: no 'resource' module, daemonizing is disabled
WARNING: no 'resource' module, daemonizing is disabled
WARNING: no 'resource' module, daemonizing is disabled
WARNING: no 'resource' module, daemonizing is disabled
WARNING: no 'resource' module, daemonizing is disabled
WARNING: no 'resource' module, daemonizing is disabled
WARNING: no 'resource' module, daemonizing is disabled
WARNING: no 'resource' module, daemonizing is disabled
WARNING: no 'resource' module, daemonizing is disabled
WARNING: no 'resource' module, daemonizing is disabled
WARNING: no 'resource' module, daemonizing is disabled
WARNING: no 'resource' module, daemonizing is disabled
WARNING: no 'resource' module, daemonizing is disabled
WARNING: no 'resource' module, daemonizing is disabled
WARNING: no 'resource' module, daemonizing is disabled
WARNING: no 'resource' module, daemonizing is disabled
WARNING: no 'resource' module, daemonizing is disabled
WARNING: no 'resource' module, daemonizing is disabled
WARNING: no 'resource' module, daemonizing is disabled
WARNING: no 'resource' module, daemonizing is disabled
WARNING: no 'resource' module, daemonizing is disabled
WARNING: no 'resource' module, daemonizing is disabled
WARNING: no 'resource' module, daemonizing is disabled
WARNING: no 'resource' module, daemonizing is disabled
WARNING: no 'resource' module, daemonizing is disabled
WARNING: no 'resource' module, daemonizing is disabled
WARNING: no 'resource' module, daemonizing is disabled
WARNING: no 'resource' module, daemonizing is disabled
WARNING: no 'resource' module, daemonizing is disabled
WARNING: no 'resource' module, daemonizing is disabled
WARNING: no 'resource' module, daemonizing is disabled
WARNING: no 'resource' module, daemonizing is disabled
WARNING: no 'resource' module, daemonizing is disabled
WARNING: no 'resource' module, daemonizing is disabled
WARNING: no 'resource' module, daemonizing is disabled
WARNING: no 'resource' module, daemonizing is disabled
WARNING: no 'resource' module, daemonizing is disabled
WARNING: no 'resource' module, daemonizing is disabled
WARNING: no 'resource' module, daemonizing is disabled
WARNING: no 'resource' module, daemonizing is disabled
WARNING: no 'resource' module, daemonizing is disabled
WARNING: no 'resource' module, daemonizing is disabled
WARNING: no 'resource' module, daemonizing is disabled
WARNING: no 'resource' module, daemonizing is disabled
WARNING: no 'resource' module, daemonizing is disabled
WARNING: no 'resource' module, daemonizing is disabled
WARNING: no 'resource' module, daemonizing is disabled
WARNING: no 'resource' module, daemonizing is disabled
WARNING: no 'resource' module, daemonizing is disabled
WARNING: no 'resource' module, daemonizing is disabled
WARNING: no 'resource' module, daemonizing is disabled
WARNING: no 'resource' module, daemonizing is disabled
WARNING: no 'resource' module, daemonizing is disabled
WARNING: no 'resource' module, daemonizing is disabled
WARNING: no 'resource' module, daemonizing is disabled
WARNING: no 'resource' module, daemonizing is disabled
WARNING: no 'resource' module, daemonizing is disabled
WARNING: no 'resource' module, daemonizing is disabled
WARNING: no 'resource' module, daemonizing is disabled
WARNING: no 'resource' module, daemonizing is disabled
WARNING: no 'resource' module, daemonizing is disabled
WARNING: no 'resource' module, daemonizing is disabled
WARNING: no 'resource' module, daemonizing is disabled
WARNING: no 'resource' module, daemonizing is disabled
WARNING: no 'resource' module, daemonizing is disabled
WARNING: no 'resource' module, daemonizing is disabled
WARNING: no 'resource' module, daemonizing is disabled
WARNING: no 'resource' module, daemonizing is disabled
WARNING: no 'resource' module, daemonizing is disabled
WARNING: no 'resource' module, daemonizing is disabled
WARNING: no 'resource' module, daemonizing is disabled
WARNING: no 'resource' module, daemonizing is disabled
WARNING: no 'resource' module, daemonizing is disabled
WARNING: no 'resource' module, daemonizing is disabled
WARNING: no 'resource' module, daemonizing is disabled
WARNING: no 'resource' module, daemonizing is disabled
WARNING: no 'resource' module, daemonizing is disabled
WARNING: no 'resource' module, daemonizing is disabled
WARNING: no 'resource' module, daemonizing is disabled
WARNING: no 'resource' module, daemonizing is disabled
WARNING: no 'resource' module, daemonizing is disabled
WARNING: no 'resource' module, daemonizing is disabled
WARNING: no 'resource' module, daemonizing is disabled
WARNING: no 'resource' module, daemonizing is disabled
WARNING: no 'resource' module, daemonizing is disabled
WARNING: no 'resource' module, daemonizing is disabled
WARNING: no 'resource' module, daemonizing is disabled
WARNING: no 'resource' module, daemonizing is disabled
WARNING: no 'resource' module, daemonizing is disabled
WARNING: no 'resource' module, daemonizing is disabled
WARNING: no 'resource' module, daemonizing is disabled
WARNING: no 'resource' module, daemonizing is disabled
WARNING: no 'resource' module, daemonizing is disabled
WARNING: no 'resource' module, daemonizing is disabled
WARNING: no 'resource' module, daemonizing is disabled
WARNING: no 'resource' module, daemonizing is disabled
WARNING: no 'resource' module, daemonizing is disabled
WARNING: no 'resource' module, daemonizing is disabled
WARNING: no 'resource' module, daemonizing is disabled
WARNING: no 'resource' module, daemonizing is disabled
WARNING: no 'resource' module, daemonizing is disabled
WARNING: no 'resource' module, daemonizing is disabled
WARNING: no 'resource' module, daemonizing is disabled
WARNING: no 'resource' module, daemonizing is disabled
WARNING: no 'resource' module, daemonizing is disabled
WARNING: no 'resource' module, daemonizing is disabled
WARNING: no 'resource' module, daemonizing is disabled
WARNING: no 'resource' module, daemonizing is disabled
WARNING: no 'resource' module, daemonizing is disabled
WARNING: no 'resource' module, daemonizing is disabled
WARNING: no 'resource' module, daemonizing is disabled
WARNING: no 'resource' module, daemonizing is disabled
WARNING: no 'resource' module, daemonizing is disabled
WARNING: no 'resource' module, daemonizing is disabled
WARNING: no 'resource' module, daemonizing is disabled
WARNING: no 'resource' module, daemonizing is disabled
WARNING: no 'resource' module, daemonizing is disabled
WARNING: no 'resource' module, daemonizing is disabled
WARNING: no 'resource' module, daemonizing is disabled
WARNING: no 'resource' module, daemonizing is disabled
WARNING: no 'resource' module, daemonizing is disabled
WARNING: no 'resource' module, daemonizing is disabled
WARNING: no 'resource' module, daemonizing is disabled
WARNING: no 'resource' module, daemonizing is disabled
WARNING: no 'resource' module, daemonizing is disabled
WARNING: no 'resource' module, daemonizing is disabled
WARNING: no 'resource' module, daemonizing is disabled
WARNING: no 'resource' module, daemonizing is disabled
WARNING: no 'resource' module, daemonizing is disabled
WARNING: no 'resource' module, daemonizing is disabled
WARNING: no 'resource' module, daemonizing is disabled
WARNING: no 'resource' module, daemonizing is disabled
WARNING: no 'resource' module, daemonizing is disabled
WARNING: no 'resource' module, daemonizing is disabled
WARNING: no 'resource' module, daemonizing is disabled
WARNING: no 'resource' module, daemonizing is disabled
WARNING: no 'resource' module, daemonizing is disabled
WARNING: no 'resource' module, daemonizing is disabled
WARNING: no 'resource' module, daemonizing is disabled
WARNING: no 'resource' module, daemonizing is disabled
WARNING: no 'resource' module, daemonizing is disabled
WARNING: no 'resource' module, daemonizing is disabled
WARNING: no 'resource' module, daemonizing is disabled
WARNING: no 'resource' module, daemonizing is disabled
WARNING: no 'resource' module, daemonizing is disabled
WARNING: no 'resource' module, daemonizing is disabled
WARNING: no 'resource' module, daemonizing is disabled
WARNING: no 'resource' module, daemonizing is disabled
WARNING: no 'resource' module, daemonizing is disabled
WARNING: no 'resource' module, daemonizing is disabled
WARNING: no 'resource' module, daemonizing is disabled
WARNING: no 'resource' module, daemonizing is disabled
WARNING: no 'resource' module, daemonizing is disabled
WARNING: no 'resource' module, daemonizing is disabled
WARNING: no 'resource' module, daemonizing is disabled
WARNING: no 'resource' module, daemonizing is disabled
WARNING: no 'resource' module, daemonizing is disabled
WARNING: no 'resource' module, daemonizing is disabled
WARNING: no 'resource' module, daemonizing is disabled
WARNING: no 'resource' module, daemonizing is disabled
WARNING: no 'resource' module, daemonizing is disabled
WARNING: no 'resource' module, daemonizing is disabled
WARNING: no 'resource' module, daemonizing is disabled
WARNING: no 'resource' module, daemonizing is disabled
WARNING: no 'resource' module, daemonizing is disabled
WARNING: no 'resource' module, daemonizing is disabled
WARNING: no 'resource' module, daemonizing is disabled
WARNING: no 'resource' module, daemonizing is disabled
WARNING: no 'resource' module, daemonizing is disabled
WARNING: no 'resource' module, daemonizing is disabled
WARNING: no 'resource' module, daemonizing is disabled
WARNING: no 'resource' module, daemonizing is disabled
WARNING: no 'resource' module, daemonizing is disabled
WARNING: no 'resource' module, daemonizing is disabled
WARNING: no 'resource' module, daemonizing is disabled
WARNING: no 'resource' module, daemonizing is disabled
WARNING: no 'resource' module, daemonizing is disabled
WARNING: no 'resource' module, daemonizing is disabled
WARNING: no 'resource' module, daemonizing is disabled
WARNING: no 'resource' module, daemonizing is disabled
WARNING: no 'resource' module, daemonizing is disabled
WARNING: no 'resource' module, daemonizing is disabled
WARNING: no 'resource' module, daemonizing is disabled
WARNING: no 'resource' module, daemonizing is disabled
WARNING: no 'resource' module, daemonizing is disabled
WARNING: no 'resource' module, daemonizing is disabled
WARNING: no 'resource' module, daemonizing is disabled
WARNING: no 'resource' module, daemonizing is disabled
WARNING: no 'resource' module, daemonizing is disabled
WARNING: no 'resource' module, daemonizing is disabled
WARNING: no 'resource' module, daemonizing is disabled
WARNING: no 'resource' module, daemonizing is disabled
WARNING: no 'resource' module, daemonizing is disabled
WARNING: no 'resource' module, daemonizing is disabled
WARNING: no 'resource' module, daemonizing is disabled
WARNING: no 'resource' module, daemonizing is disabled
WARNING: no 'resource' module, daemonizing is disabled
WARNING: no 'resource' module, daemonizing is disabled
WARNING: no 'resource' module, daemonizing is disabled
WARNING: no 'resource' module, daemonizing is disabled
WARNING: no 'resource' module, daemonizing is disabled
WARNING: no 'resource' module, daemonizing is disabled
WARNING: no 'resource' module, daemonizing is disabled
WARNING: no 'resource' module, daemonizing is disabled
WARNING: no 'resource' module, daemonizing is disabled
WARNING: no 'resource' module, daemonizing is disabled
WARNING: no 'resource' module, daemonizing is disabled
WARNING: no 'resource' module, daemonizing is disabled
WARNING: no 'resource' module, daemonizing is disabled
WARNING: no 'resource' module, daemonizing is disabled
WARNING: no 'resource' module, daemonizing is disabled
WARNING: no 'resource' module, daemonizing is disabled
WARNING: no 'resource' module, daemonizing is disabled
WARNING: no 'resource' module, daemonizing is disabled
WARNING: no 'resource' module, daemonizing is disabled
WARNING: no 'resource' module, daemonizing is disabled
WARNING: no 'resource' module, daemonizing is disabled
WARNING: no 'resource' module, daemonizing is disabled
WARNING: no 'resource' module, daemonizing is disabled
WARNING: no 'resource' module, daemonizing is disabled
WARNING: no 'resource' module, daemonizing is disabled
WARNING: no 'resource' module, daemonizing is disabled
WARNING: no 'resource' module, daemonizing is disabled
WARNING: no 'resource' module, daemonizing is disabled
WARNING: no 'resource' module, daemonizing is disabled
WARNING: no 'resource' module, daemonizing is disabled
WARNING: no 'resource' module, daemonizing is disabled
WARNING: no 'resource' module, daemonizing is disabled
WARNING: no 'resource' module, daemonizing is disabled
WARNING: no 'resource' module, daemonizing is disabled
WARNING: no 'resource' module, daemonizing is disabled
WARNING: no 'resource' module, daemonizing is disabled
WARNING: no 'resource' module, daemonizing is disabled
WARNING: no 'resource' module, daemonizing is disabled
WARNING: no 'resource' module, daemonizing is disabled
WARNING: no 'resource' module, daemonizing is disabled
WARNING: no 'resource' module, daemonizing is disabled
WARNING: no 'resource' module, daemonizing is disabled
WARNING: no 'resource' module, daemonizing is disabled
WARNING: no 'resource' module, daemonizing is disabled
WARNING: no 'resource' module, daemonizing is disabled
WARNING: no 'resource' module, daemonizing is disabled
WARNING: no 'resource' module, daemonizing is disabled
WARNING: no 'resource' module, daemonizing is disabled
WARNING: no 'resource' module, daemonizing is disabled
WARNING: no 'resource' module, daemonizing is disabled
WARNING: no 'resource' module, daemonizing is disabled
WARNING: no 'resource' module, daemonizing is disabled
WARNING: no 'resource' module, daemonizing is disabled
WARNING: no 'resource' module, daemonizing is disabled
WARNING: no 'resource' module, daemonizing is disabled
WARNING: no 'resource' module, daemonizing is disabled
WARNING: no 'resource' module, daemonizing is disabled
WARNING: no 'resource' module, daemonizing is disabled
WARNING: no 'resource' module, daemonizing is disabled
WARNING: no 'resource' module, daemonizing is disabled
WARNING: no 'resource' module, daemonizing is disabled
WARNING: no 'resource' module, daemonizing is disabled
WARNING: no 'resource' module, daemonizing is disabled
WARNING: no 'resource' module, daemonizing is disabled
WARNING: no 'resource' module, daemonizing is disabled
WARNING: no 'resource' module, daemonizing is disabled
WARNING: no 'resource' module, daemonizing is disabled
WARNING: no 'resource' module, daemonizing is disabled
WARNING: no 'resource' module, daemonizing is disabled
WARNING: no 'resource' module, daemonizing is disabled
WARNING: no 'resource' module, daemonizing is disabled
WARNING: no 'resource' module, daemonizing is disabled
WARNING: no 'resource' module, daemonizing is disabled
WARNING: no 'resource' module, daemonizing is disabled
WARNING: no 'resource' module, daemonizing is disabled
WARNING: no 'resource' module, daemonizing is disabled
WARNING: no 'resource' module, daemonizing is disabled
WARNING: no 'resource' module, daemonizing is disabled
WARNING: no 'resource' module, daemonizing is disabled
WARNING: no 'resource' module, daemonizing is disabled
WARNING: no 'resource' module, daemonizing is disabled
WARNING: no 'resource' module, daemonizing is disabled
WARNING: no 'resource' module, daemonizing is disabled
WARNING: no 'resource' module, daemonizing is disabled
WARNING: no 'resource' module, daemonizing is disabled
WARNING: no 'resource' module, daemonizing is disabled
WARNING: no 'resource' module, daemonizing is disabled
WARNING: no 'resource' module, daemonizing is disabled
WARNING: no 'resource' module, daemonizing is disabled
WARNING: no 'resource' module, daemonizing is disabled
WARNING: no 'resource' module, daemonizing is disabled
WARNING: no 'resource' module, daemonizing is disabled
WARNING: no 'resource' module, daemonizing is disabled
WARNING: no 'resource' module, daemonizing is disabled
WARNING: no 'resource' module, daemonizing is disabled
WARNING: no 'resource' module, daemonizing is disabled
WARNING: no 'resource' module, daemonizing is disabled
WARNING: no 'resource' module, daemonizing is disabled
WARNING: no 'resource' module, daemonizing is disabled
WARNING: no 'resource' module, daemonizing is disabled
WARNING: no 'resource' module, daemonizing is disabled
WARNING: no 'resource' module, daemonizing is disabled
============================================================
 noVNC Web Bridge starting...
 Web UI:     http://localhost:6080/index.html
             http://165.101.251.196:6080/index.html
 VNC Target: 165.101.251.196:5900
 Password:   965243
 Persistent: Keep-alive (30s heartbeat) enabled
============================================================

Stopping noVNC...
